185.222.221.33 - - [24/Mar/2020:21:23:14 +0800] "GET /static/assets/img/portfolio/portfolio-9.jpg HTTP/1.1" 200 0 "http://39.104.200.184:8080/?nsukey=8Ab%2BM%2BVWTtsdfhtqslm3AyNUXtzaZl5heh3uiUvRGKs5001YZG84MuhyApB3vUDIPQttnNkcc61VP4otSqk083zEvo%2BmzdJVXGqXLRPGkkoaP%2F49b8H7aE2wi5z3WwcEDaUxwuvDNNxjQIDDhvtA%2F%2BR6tfy4PRGuIMyg3KaNhIBsB9rzR%2FV9ERnHluLSVCxZoV21D4qdGZDPpPMgLQ4sXw%3D%3D" "Mozilla/5.0 (Macintosh; Intel Mac OS X 10_14_0) AppleWebKit/537.36 (KHTML, like Gecko) Chrome/80.0.3987.149 Safari/537.36"
185.222.221.33 - - [24/Mar/2020:21:23:14 +0800] "GET /static/assets/js/myjs.js HTTP/1.1" 200 0 "http://39.104.200.184:8080/?nsukey=8Ab%2BM%2BVWTtsdfhtqslm3AyNUXtzaZl5heh3uiUvRGKs5001YZG84MuhyApB3vUDIPQttnNkcc61VP4otSqk083zEvo%2BmzdJVXGqXLRPGkkoaP%2F49b8H7aE2wi5z3WwcEDaUxwuvDNNxjQIDDhvtA%2F%2BR6tfy4PRGuIMyg3KaNhIBsB9rzR%2FV9ERnHluLSVCxZoV21D4qdGZDPpPMgLQ4sXw%3D%3D" "Mozilla/5.0 (Macintosh; Intel Mac OS X 10_14_0) AppleWebKit/537.36 (KHTML, like Gecko) Chrome/80.0.3987.149 Safari/537.36"
183.193.117.70 - - [24/Mar/2020:21:23:14 +0800] "GET /static/assets/vendor/icofont/fonts/icofont.woff2 HTTP/1.1" 200 0 "http://39.104.200.184:8080/static/assets/vendor/icofont/icofont.min.css" "Mozilla/5.0 (Macintosh; Intel Mac OS X 10_14_0) AppleWebKit/537.36 (KHTML, like Gecko) Chrome/80.0.3987.149 Safari/537.36"
183.193.117.70 - - [24/Mar/2020:21:23:14 +0800] "GET /static/assets/vendor/boxicons/fonts/boxicons.woff HTTP/1.1" 200 0 "http://39.104.200.184:8080/static/assets/vendor/boxicons/css/boxicons.min.css" "Mozilla/5.0 (Macintosh; Intel Mac OS X 10_14_0) AppleWebKit/537.36 (KHTML, like Gecko) Chrome/80.0.3987.149 Safari/537.36"
183.193.117.70 - - [24/Mar/2020:21:23:14 +0800] "GET /static/assets/img/favicon.png HTTP/1.1" 200 0 "http://39.104.200.184:8080/?nsukey=8Ab%2BM%2BVWTtsdfhtqslm3AyNUXtzaZl5heh3uiUvRGKs5001YZG84MuhyApB3vUDIPQttnNkcc61VP4otSqk083zEvo%2BmzdJVXGqXLRPGkkoaP%2F49b8H7aE2wi5z3WwcEDaUxwuvDNNxjQIDDhvtA%2F%2BR6tfy4PRGuIMyg3KaNhIBsB9rzR%2FV9ERnHluLSVCxZoV21D4qdGZDPpPMgLQ4sXw%3D%3D" "Mozilla/5.0 (Macintosh; Intel Mac OS X 10_14_0) AppleWebKit/537.36 (KHTML, like Gecko) Chrome/80.0.3987.149 Safari/537.36"
185.222.221.33 - - [24/Mar/2020:21:23:16 +0800] "GET /static/assets/img/portfolio/portfolio-8.jpg HTTP/1.1" 200 0 "http://39.104.200.184:8080/?nsukey=8Ab%2BM%2BVWTtsdfhtqslm3AyNUXtzaZl5heh3uiUvRGKs5001YZG84MuhyApB3vUDIPQttnNkcc61VP4otSqk083zEvo%2BmzdJVXGqXLRPGkkoaP%2F49b8H7aE2wi5z3WwcEDaUxwuvDNNxjQIDDhvtA%2F%2BR6tfy4PRGuIMyg3KaNhIBsB9rzR%2FV9ERnHluLSVCxZoV21D4qdGZDPpPMgLQ4sXw%3D%3D" "Mozilla/5.0 (Macintosh; Intel Mac OS X 10_14_0) AppleWebKit/537.36 (KHTML, like Gecko) Chrome/80.0.3987.149 Safari/537.36"
183.193.117.70 - - [24/Mar/2020:21:23:23 +0800] "POST /api/upload HTTP/1.1" 500 290 "http://39.104.200.184:8080/?nsukey=8Ab%2BM%2BVWTtsdfhtqslm3AyNUXtzaZl5heh3uiUvRGKs5001YZG84MuhyApB3vUDIPQttnNkcc61VP4otSqk083zEvo%2BmzdJVXGqXLRPGkkoaP%2F49b8H7aE2wi5z3WwcEDaUxwuvDNNxjQIDDhvtA%2F%2BR6tfy4PRGuIMyg3KaNhIBsB9rzR%2FV9ERnHluLSVCxZoV21D4qdGZDPpPMgLQ4sXw%3D%3D" "Mozilla/5.0 (Macintosh; Intel Mac OS X 10_14_0) AppleWebKit/537.36 (KHTML, like Gecko) Chrome/80.0.3987.149 Safari/537.36"
183.193.117.70 - - [24/Mar/2020:21:23:25 +0800] "GET /?nsukey=8Ab%2BM%2BVWTtsdfhtqslm3AyNUXtzaZl5heh3uiUvRGKs5001YZG84MuhyApB3vUDIPQttnNkcc61VP4otSqk083zEvo%2BmzdJVXGqXLRPGkkoaP%2F49b8H7aE2wi5z3WwcEDaUxwuvDNNxjQIDDhvtA%2F%2BR6tfy4PRGuIMyg3KaNhIBsB9rzR%2FV9ERnHluLSVCxZoV21D4qdGZDPpPMgLQ4sXw%3D%3D HTTP/1.1" 200 47202 "http://39.104.200.184:8080/?nsukey=8Ab%2BM%2BVWTtsdfhtqslm3AyNUXtzaZl5heh3uiUvRGKs5001YZG84MuhyApB3vUDIPQttnNkcc61VP4otSqk083zEvo%2BmzdJVXGqXLRPGkkoaP%2F49b8H7aE2wi5z3WwcEDaUxwuvDNNxjQIDDhvtA%2F%2BR6tfy4PRGuIMyg3KaNhIBsB9rzR%2FV9ERnHluLSVCxZoV21D4qdGZDPpPMgLQ4sXw%3D%3D" "Mozilla/5.0 (Macintosh; Intel Mac OS X 10_14_0) AppleWebKit/537.36 (KHTML, like Gecko) Chrome/80.0.3987.149 Safari/537.36"
183.193.117.70 - - [24/Mar/2020:21:23:25 +0800] "GET /static/assets/img/slide/slide-3.jpg HTTP/1.1" 200 0 "http://39.104.200.184:8080/?nsukey=8Ab%2BM%2BVWTtsdfhtqslm3AyNUXtzaZl5heh3uiUvRGKs5001YZG84MuhyApB3vUDIPQttnNkcc61VP4otSqk083zEvo%2BmzdJVXGqXLRPGkkoaP%2F49b8H7aE2wi5z3WwcEDaUxwuvDNNxjQIDDhvtA%2F%2BR6tfy4PRGuIMyg3KaNhIBsB9rzR%2FV9ERnHluLSVCxZoV21D4qdGZDPpPMgLQ4sXw%3D%3D" "Mozilla/5.0 (Macintosh; Intel Mac OS X 10_14_0) AppleWebKit/537.36 (KHTML, like Gecko) Chrome/80.0.3987.149 Safari/537.36"
183.193.117.70 - - [24/Mar/2020:21:23:25 +0800] "GET /static/assets/js/myjs.js HTTP/1.1" 200 0 "http://39.104.200.184:8080/?nsukey=8Ab%2BM%2BVWTtsdfhtqslm3AyNUXtzaZl5heh3uiUvRGKs5001YZG84MuhyApB3vUDIPQttnNkcc61VP4otSqk083zEvo%2BmzdJVXGqXLRPGkkoaP%2F49b8H7aE2wi5z3WwcEDaUxwuvDNNxjQIDDhvtA%2F%2BR6tfy4PRGuIMyg3KaNhIBsB9rzR%2FV9ERnHluLSVCxZoV21D4qdGZDPpPMgLQ4sXw%3D%3D" "Mozilla/5.0 (Macintosh; Intel Mac OS X 10_14_0) AppleWebKit/537.36 (KHTML, like Gecko) Chrome/80.0.3987.149 Safari/537.36"
183.193.117.70 - - [24/Mar/2020:21:23:25 +0800] "GET /static/assets/img/portfolio/portfolio-8.jpg HTTP/1.1" 200 0 "http://39.104.200.184:8080/?nsukey=8Ab%2BM%2BVWTtsdfhtqslm3AyNUXtzaZl5heh3uiUvRGKs5001YZG84MuhyApB3vUDIPQttnNkcc61VP4otSqk083zEvo%2BmzdJVXGqXLRPGkkoaP%2F49b8H7aE2wi5z3WwcEDaUxwuvDNNxjQIDDhvtA%2F%2BR6tfy4PRGuIMyg3KaNhIBsB9rzR%2FV9ERnHluLSVCxZoV21D4qdGZDPpPMgLQ4sXw%3D%3D" "Mozilla/5.0 (Macintosh; Intel Mac OS X 10_14_0) AppleWebKit/537.36 (KHTML, like Gecko) Chrome/80.0.3987.149 Safari/537.36"
183.193.117.70 - - [24/Mar/2020:21:23:25 +0800] "GET /static/assets/img/portfolio/portfolio-2.jpg HTTP/1.1" 200 0 "http://39.104.200.184:8080/?nsukey=8Ab%2BM%2BVWTtsdfhtqslm3AyNUXtzaZl5heh3uiUvRGKs5001YZG84MuhyApB3vUDIPQttnNkcc61VP4otSqk083zEvo%2BmzdJVXGqXLRPGkkoaP%2F49b8H7aE2wi5z3WwcEDaUxwuvDNNxjQIDDhvtA%2F%2BR6tfy4PRGuIMyg3KaNhIBsB9rzR%2FV9ERnHluLSVCxZoV21D4qdGZDPpPMgLQ4sXw%3D%3D" "Mozilla/5.0 (Macintosh; Intel Mac OS X 10_14_0) AppleWebKit/537.36 (KHTML, like Gecko) Chrome/80.0.3987.149 Safari/537.36"
183.193.117.70 - - [24/Mar/2020:21:23:25 +0800] "GET /static/assets/img/portfolio/portfolio-9.jpg HTTP/1.1" 200 0 "http://39.104.200.184:8080/?nsukey=8Ab%2BM%2BVWTtsdfhtqslm3AyNUXtzaZl5heh3uiUvRGKs5001YZG84MuhyApB3vUDIPQttnNkcc61VP4otSqk083zEvo%2BmzdJVXGqXLRPGkkoaP%2F49b8H7aE2wi5z3WwcEDaUxwuvDNNxjQIDDhvtA%2F%2BR6tfy4PRGuIMyg3KaNhIBsB9rzR%2FV9ERnHluLSVCxZoV21D4qdGZDPpPMgLQ4sXw%3D%3D" "Mozilla/5.0 (Macintosh; Intel Mac OS X 10_14_0) AppleWebKit/537.36 (KHTML, like Gecko) Chrome/80.0.3987.149 Safari/537.36"
183.193.117.70 - - [24/Mar/2020:21:23:25 +0800] "GET /static/assets/img/team/team-1.jpg HTTP/1.1" 200 0 "http://39.104.200.184:8080/?nsukey=8Ab%2BM%2BVWTtsdfhtqslm3AyNUXtzaZl5heh3uiUvRGKs5001YZG84MuhyApB3vUDIPQttnNkcc61VP4otSqk083zEvo%2BmzdJVXGqXLRPGkkoaP%2F49b8H7aE2wi5z3WwcEDaUxwuvDNNxjQIDDhvtA%2F%2BR6tfy4PRGuIMyg3KaNhIBsB9rzR%2FV9ERnHluLSVCxZoV21D4qdGZDPpPMgLQ4sXw%3D%3D" "Mozilla/5.0 (Macintosh; Intel Mac OS X 10_14_0) AppleWebKit/537.36 (KHTML, like Gecko) Chrome/80.0.3987.149 Safari/537.36"
183.193.117.70 - - [24/Mar/2020:21:23:25 +0800] "GET /static/assets/img/portfolio/portfolio-7.jpg HTTP/1.1" 206 1 "http://39.104.200.184:8080/?nsukey=8Ab%2BM%2BVWTtsdfhtqslm3AyNUXtzaZl5heh3uiUvRGKs5001YZG84MuhyApB3vUDIPQttnNkcc61VP4otSqk083zEvo%2BmzdJVXGqXLRPGkkoaP%2F49b8H7aE2wi5z3WwcEDaUxwuvDNNxjQIDDhvtA%2F%2BR6tfy4PRGuIMyg3KaNhIBsB9rzR%2FV9ERnHluLSVCxZoV21D4qdGZDPpPMgLQ4sXw%3D%3D" "Mozilla/5.0 (Macintosh; Intel Mac OS X 10_14_0) AppleWebKit/537.36 (KHTML, like Gecko) Chrome/80.0.3987.149 Safari/537.36"
183.193.117.70 - - [24/Mar/2020:21:23:25 +0800] "GET /static/assets/img/portfolio/portfolio-7.jpg HTTP/1.1" 206 107528 "http://39.104.200.184:8080/?nsukey=8Ab%2BM%2BVWTtsdfhtqslm3AyNUXtzaZl5heh3uiUvRGKs5001YZG84MuhyApB3vUDIPQttnNkcc61VP4otSqk083zEvo%2BmzdJVXGqXLRPGkkoaP%2F49b8H7aE2wi5z3WwcEDaUxwuvDNNxjQIDDhvtA%2F%2BR6tfy4PRGuIMyg3KaNhIBsB9rzR%2FV9ERnHluLSVCxZoV21D4qdGZDPpPMgLQ4sXw%3D%3D" "Mozilla/5.0 (Macintosh; Intel Mac OS X 10_14_0) AppleWebKit/537.36 (KHTML, like Gecko) Chrome/80.0.3987.149 Safari/537.36"
183.193.117.70 - - [24/Mar/2020:21:23:26 +0800] "GET /static/assets/img/team/team-2.jpg HTTP/1.1" 200 0 "http://39.104.200.184:8080/?nsukey=8Ab%2BM%2BVWTtsdfhtqslm3AyNUXtzaZl5heh3uiUvRGKs5001YZG84MuhyApB3vUDIPQttnNkcc61VP4otSqk083zEvo%2BmzdJVXGqXLRPGkkoaP%2F49b8H7aE2wi5z3WwcEDaUxwuvDNNxjQIDDhvtA%2F%2BR6tfy4PRGuIMyg3KaNhIBsB9rzR%2FV9ERnHluLSVCxZoV21D4qdGZDPpPMgLQ4sXw%3D%3D" "Mozilla/5.0 (Macintosh; Intel Mac OS X 10_14_0) AppleWebKit/537.36 (KHTML, like Gecko) Chrome/80.0.3987.149 Safari/537.36"
183.193.117.70 - - [24/Mar/2020:21:23:26 +0800] "GET /static/assets/img/team/team-3.jpg HTTP/1.1" 200 0 "http://39.104.200.184:8080/?nsukey=8Ab%2BM%2BVWTtsdfhtqslm3AyNUXtzaZl5heh3uiUvRGKs5001YZG84MuhyApB3vUDIPQttnNkcc61VP4otSqk083zEvo%2BmzdJVXGqXLRPGkkoaP%2F49b8H7aE2wi5z3WwcEDaUxwuvDNNxjQIDDhvtA%2F%2BR6tfy4PRGuIMyg3KaNhIBsB9rzR%2FV9ERnHluLSVCxZoV21D4qdGZDPpPMgLQ4sXw%3D%3D" "Mozilla/5.0 (Macintosh; Intel Mac OS X 10_14_0) AppleWebKit/537.36 (KHTML, like Gecko) Chrome/80.0.3987.149 Safari/537.36"
183.193.117.70 - - [24/Mar/2020:21:23:26 +0800] "GET /static/assets/img/team/team-4.jpg HTTP/1.1" 200 0 "http://39.104.200.184:8080/?nsukey=8Ab%2BM%2BVWTtsdfhtqslm3AyNUXtzaZl5heh3uiUvRGKs5001YZG84MuhyApB3vUDIPQttnNkcc61VP4otSqk083zEvo%2BmzdJVXGqXLRPGkkoaP%2F49b8H7aE2wi5z3WwcEDaUxwuvDNNxjQIDDhvtA%2F%2BR6tfy4PRGuIMyg3KaNhIBsB9rzR%2FV9ERnHluLSVCxZoV21D4qdGZDPpPMgLQ4sXw%3D%3D" "Mozilla/5.0 (Macintosh; Intel Mac OS X 10_14_0) AppleWebKit/537.36 (KHTML, like Gecko) Chrome/80.0.3987.149 Safari/537.36"
183.193.117.70 - - [24/Mar/2020:21:23:26 +0800] "GET /static/assets/vendor/boxicons/fonts/boxicons.woff2 HTTP/1.1" 200 0 "http://39.104.200.184:8080/static/assets/vendor/boxicons/css/boxicons.min.css" "Mozilla/5.0 (Macintosh; Intel Mac OS X 10_14_0) AppleWebKit/537.36 (KHTML, like Gecko) Chrome/80.0.3987.149 Safari/537.36"
183.193.117.70 - - [24/Mar/2020:21:23:27 +0800] "GET /static/assets/vendor/bootstrap/js/bootstrap.bundle.min.js.map HTTP/1.1" 200 0 "-" "Mozilla/5.0 (Macintosh; Intel Mac OS X 10_14_0) AppleWebKit/537.36 (KHTML, like Gecko) Chrome/80.0.3987.149 Safari/537.36"
183.193.117.70 - - [24/Mar/2020:21:23:28 +0800] "GET /static/assets/vendor/bootstrap/css/bootstrap.min.css.map HTTP/1.1" 200 0 "-" "Mozilla/5.0 (Macintosh; Intel Mac OS X 10_14_0) AppleWebKit/537.36 (KHTML, like Gecko) Chrome/80.0.3987.149 Safari/537.36"
183.193.117.70 - - [24/Mar/2020:21:23:38 +0800] "POST /api/upload HTTP/1.1" 500 290 "http://39.104.200.184:8080/?nsukey=8Ab%2BM%2BVWTtsdfhtqslm3AyNUXtzaZl5heh3uiUvRGKs5001YZG84MuhyApB3vUDIPQttnNkcc61VP4otSqk083zEvo%2BmzdJVXGqXLRPGkkoaP%2F49b8H7aE2wi5z3WwcEDaUxwuvDNNxjQIDDhvtA%2F%2BR6tfy4PRGuIMyg3KaNhIBsB9rzR%2FV9ERnHluLSVCxZoV21D4qdGZDPpPMgLQ4sXw%3D%3D" "Mozilla/5.0 (Macintosh; Intel Mac OS X 10_14_0) AppleWebKit/537.36 (KHTML, like Gecko) Chrome/80.0.3987.149 Safari/537.36"
101.89.29.78 - - [24/Mar/2020:21:23:47 +0800] "GET / HTTP/1.1" 200 47202 "-" "Mozilla/5.0 (Windows NT 6.1; WOW64) AppleWebKit/537.36 (KHTML, like Gecko) Chrome/39.0.2171.95 Safari/537.36 MicroMessenger/6.5.2.501 NetType/WIFI WindowsWechat QBCore/3.43.27.400 QQBrowser/9.0.2524.400"
101.89.29.78 - - [24/Mar/2020:21:24:05 +0800] "GET /static/assets/vendor/jquery/jquery.min.js HTTP/1.1" 200 0 "http://39.104.200.184:8080/" "Mozilla/5.0 (iPhone; CPU iPhone OS 10_2_1 like Mac OS X) AppleWebKit/602.4.6 (KHTML, like Gecko) Mobile/14D27 MicroMessenger/6.5.5 NetType/WIFI Language/en"
183.193.117.70 - - [24/Mar/2020:21:24:15 +0800] "GET /?nsukey=8Ab%2BM%2BVWTtsdfhtqslm3AyNUXtzaZl5heh3uiUvRGKs5001YZG84MuhyApB3vUDIPQttnNkcc61VP4otSqk083zEvo%2BmzdJVXGqXLRPGkkoaP%2F49b8H7aE2wi5z3WwcEDaUxwuvDNNxjQIDDhvtA%2F%2BR6tfy4PRGuIMyg3KaNhIBsB9rzR%2FV9ERnHluLSVCxZoV21D4qdGZDPpPMgLQ4sXw%3D%3D HTTP/1.1" 200 47202 "http://39.104.200.184:8080/?nsukey=8Ab%2BM%2BVWTtsdfhtqslm3AyNUXtzaZl5heh3uiUvRGKs5001YZG84MuhyApB3vUDIPQttnNkcc61VP4otSqk083zEvo%2BmzdJVXGqXLRPGkkoaP%2F49b8H7aE2wi5z3WwcEDaUxwuvDNNxjQIDDhvtA%2F%2BR6tfy4PRGuIMyg3KaNhIBsB9rzR%2FV9ERnHluLSVCxZoV21D4qdGZDPpPMgLQ4sXw%3D%3D" "Mozilla/5.0 (Macintosh; Intel Mac OS X 10_14_0) AppleWebKit/537.36 (KHTML, like Gecko) Chrome/80.0.3987.149 Safari/537.36"
116.236.75.197 - - [24/Mar/2020:21:24:26 +0800] "GET / HTTP/1.1" 200 47202 "-" "Mozilla/5.0 (Windows NT 10.0; Win64; x64; rv:74.0) Gecko/20100101 Firefox/74.0"
183.193.117.70 - - [24/Mar/2020:21:24:30 +0800] "POST /api/upload HTTP/1.1" 500 290 "http://39.104.200.184:8080/?nsukey=8Ab%2BM%2BVWTtsdfhtqslm3AyNUXtzaZl5heh3uiUvRGKs5001YZG84MuhyApB3vUDIPQttnNkcc61VP4otSqk083zEvo%2BmzdJVXGqXLRPGkkoaP%2F49b8H7aE2wi5z3WwcEDaUxwuvDNNxjQIDDhvtA%2F%2BR6tfy4PRGuIMyg3KaNhIBsB9rzR%2FV9ERnHluLSVCxZoV21D4qdGZDPpPMgLQ4sXw%3D%3D" "Mozilla/5.0 (Macintosh; Intel Mac OS X 10_14_0) AppleWebKit/537.36 (KHTML, like Gecko) Chrome/80.0.3987.149 Safari/537.36"
116.236.75.197 - - [24/Mar/2020:21:24:30 +0800] "GET /static/assets/vendor/bootstrap/css/bootstrap.min.css HTTP/1.1" 200 0 "http://39.104.200.184:8080/" "Mozilla/5.0 (Windows NT 10.0; Win64; x64; rv:74.0) Gecko/20100101 Firefox/74.0"
116.236.75.197 - - [24/Mar/2020:21:24:30 +0800] "GET /static/assets/vendor/icofont/icofont.min.css HTTP/1.1" 200 0 "http://39.104.200.184:8080/" "Mozilla/5.0 (Windows NT 10.0; Win64; x64; rv:74.0) Gecko/20100101 Firefox/74.0"
116.236.75.197 - - [24/Mar/2020:21:24:30 +0800] "GET /static/assets/vendor/bootstrap/js/bootstrap.bundle.min.js HTTP/1.1" 304 0 "http://39.104.200.184:8080/" "Mozilla/5.0 (Windows NT 10.0; Win64; x64; rv:74.0) Gecko/20100101 Firefox/74.0"
116.236.75.197 - - [24/Mar/2020:21:24:30 +0800] "GET /static/assets/vendor/jquery/jquery.min.js HTTP/1.1" 304 0 "http://39.104.200.184:8080/" "Mozilla/5.0 (Windows NT 10.0; Win64; x64; rv:74.0) Gecko/20100101 Firefox/74.0"
116.236.75.197 - - [24/Mar/2020:21:24:30 +0800] "GET /static/assets/vendor/boxicons/css/boxicons.min.css HTTP/1.1" 304 0 "http://39.104.200.184:8080/" "Mozilla/5.0 (Windows NT 10.0; Win64; x64; rv:74.0) Gecko/20100101 Firefox/74.0"
116.236.75.197 - - [24/Mar/2020:21:24:30 +0800] "GET /static/assets/vendor/animate.css/animate.min.css HTTP/1.1" 304 0 "http://39.104.200.184:8080/" "Mozilla/5.0 (Windows NT 10.0; Win64; x64; rv:74.0) Gecko/20100101 Firefox/74.0"
116.236.75.197 - - [24/Mar/2020:21:24:30 +0800] "GET /static/assets/vendor/venobox/venobox.css HTTP/1.1" 304 0 "http://39.104.200.184:8080/" "Mozilla/5.0 (Windows NT 10.0; Win64; x64; rv:74.0) Gecko/20100101 Firefox/74.0"
116.236.75.197 - - [24/Mar/2020:21:24:30 +0800] "GET /static/assets/vendor/aos/aos.css HTTP/1.1" 304 0 "http://39.104.200.184:8080/" "Mozilla/5.0 (Windows NT 10.0; Win64; x64; rv:74.0) Gecko/20100101 Firefox/74.0"
116.236.75.197 - - [24/Mar/2020:21:24:30 +0800] "GET /static/assets/css/style.css HTTP/1.1" 304 0 "http://39.104.200.184:8080/" "Mozilla/5.0 (Windows NT 10.0; Win64; x64; rv:74.0) Gecko/20100101 Firefox/74.0"
116.236.75.197 - - [24/Mar/2020:21:24:30 +0800] "GET /static/assets/vendor/jquery.easing/jquery.easing.min.js HTTP/1.1" 304 0 "http://39.104.200.184:8080/" "Mozilla/5.0 (Windows NT 10.0; Win64; x64; rv:74.0) Gecko/20100101 Firefox/74.0"
116.236.75.197 - - [24/Mar/2020:21:24:30 +0800] "GET /static/assets/css/mystyle.css HTTP/1.1" 304 0 "http://39.104.200.184:8080/" "Mozilla/5.0 (Windows NT 10.0; Win64; x64; rv:74.0) Gecko/20100101 Firefox/74.0"
116.236.75.197 - - [24/Mar/2020:21:24:30 +0800] "GET /static/assets/vendor/php-email-form/validate.js HTTP/1.1" 304 0 "http://39.104.200.184:8080/" "Mozilla/5.0 (Windows NT 10.0; Win64; x64; rv:74.0) Gecko/20100101 Firefox/74.0"
116.236.75.197 - - [24/Mar/2020:21:24:30 +0800] "GET /static/assets/vendor/jquery-sticky/jquery.sticky.js HTTP/1.1" 304 0 "http://39.104.200.184:8080/" "Mozilla/5.0 (Windows NT 10.0; Win64; x64; rv:74.0) Gecko/20100101 Firefox/74.0"
116.236.75.197 - - [24/Mar/2020:21:24:30 +0800] "GET /static/assets/vendor/venobox/venobox.min.js HTTP/1.1" 304 0 "http://39.104.200.184:8080/" "Mozilla/5.0 (Windows NT 10.0; Win64; x64; rv:74.0) Gecko/20100101 Firefox/74.0"
116.236.75.197 - - [24/Mar/2020:21:24:30 +0800] "GET /static/assets/vendor/waypoints/jquery.waypoints.min.js HTTP/1.1" 304 0 "http://39.104.200.184:8080/" "Mozilla/5.0 (Windows NT 10.0; Win64; x64; rv:74.0) Gecko/20100101 Firefox/74.0"
116.236.75.197 - - [24/Mar/2020:21:24:30 +0800] "GET /static/assets/vendor/counterup/counterup.min.js HTTP/1.1" 304 0 "http://39.104.200.184:8080/" "Mozilla/5.0 (Windows NT 10.0; Win64; x64; rv:74.0) Gecko/20100101 Firefox/74.0"
116.236.75.197 - - [24/Mar/2020:21:24:30 +0800] "GET /static/assets/vendor/isotope-layout/isotope.pkgd.min.js HTTP/1.1" 304 0 "http://39.104.200.184:8080/" "Mozilla/5.0 (Windows NT 10.0; Win64; x64; rv:74.0) Gecko/20100101 Firefox/74.0"
116.236.75.197 - - [24/Mar/2020:21:24:30 +0800] "GET /static/assets/vendor/aos/aos.js HTTP/1.1" 304 0 "http://39.104.200.184:8080/" "Mozilla/5.0 (Windows NT 10.0; Win64; x64; rv:74.0) Gecko/20100101 Firefox/74.0"
116.236.75.197 - - [24/Mar/2020:21:24:30 +0800] "GET /static/assets/js/main.js HTTP/1.1" 304 0 "http://39.104.200.184:8080/" "Mozilla/5.0 (Windows NT 10.0; Win64; x64; rv:74.0) Gecko/20100101 Firefox/74.0"
116.236.75.197 - - [24/Mar/2020:21:24:30 +0800] "GET /static/assets/js/myjs.js HTTP/1.1" 304 0 "http://39.104.200.184:8080/" "Mozilla/5.0 (Windows NT 10.0; Win64; x64; rv:74.0) Gecko/20100101 Firefox/74.0"
116.236.75.197 - - [24/Mar/2020:21:24:30 +0800] "GET /static/assets/img/portfolio/portfolio-1.jpg HTTP/1.1" 304 0 "http://39.104.200.184:8080/" "Mozilla/5.0 (Windows NT 10.0; Win64; x64; rv:74.0) Gecko/20100101 Firefox/74.0"
116.236.75.197 - - [24/Mar/2020:21:24:30 +0800] "GET /static/assets/img/about.jpg HTTP/1.1" 304 0 "http://39.104.200.184:8080/" "Mozilla/5.0 (Windows NT 10.0; Win64; x64; rv:74.0) Gecko/20100101 Firefox/74.0"
116.236.75.197 - - [24/Mar/2020:21:24:30 +0800] "GET /static/assets/img/portfolio/portfolio-2.jpg HTTP/1.1" 304 0 "http://39.104.200.184:8080/" "Mozilla/5.0 (Windows NT 10.0; Win64; x64; rv:74.0) Gecko/20100101 Firefox/74.0"
116.236.75.197 - - [24/Mar/2020:21:24:30 +0800] "GET /static/assets/img/portfolio/portfolio-3.jpg HTTP/1.1" 304 0 "http://39.104.200.184:8080/" "Mozilla/5.0 (Windows NT 10.0; Win64; x64; rv:74.0) Gecko/20100101 Firefox/74.0"
116.236.75.197 - - [24/Mar/2020:21:24:30 +0800] "GET /static/assets/img/portfolio/portfolio-4.jpg HTTP/1.1" 304 0 "http://39.104.200.184:8080/" "Mozilla/5.0 (Windows NT 10.0; Win64; x64; rv:74.0) Gecko/20100101 Firefox/74.0"
116.236.75.197 - - [24/Mar/2020:21:24:31 +0800] "GET /static/assets/img/portfolio/portfolio-5.jpg HTTP/1.1" 304 0 "http://39.104.200.184:8080/" "Mozilla/5.0 (Windows NT 10.0; Win64; x64; rv:74.0) Gecko/20100101 Firefox/74.0"
116.236.75.197 - - [24/Mar/2020:21:24:31 +0800] "GET /static/assets/img/portfolio/portfolio-6.jpg HTTP/1.1" 304 0 "http://39.104.200.184:8080/" "Mozilla/5.0 (Windows NT 10.0; Win64; x64; rv:74.0) Gecko/20100101 Firefox/74.0"
116.236.75.197 - - [24/Mar/2020:21:24:31 +0800] "GET /static/assets/img/portfolio/portfolio-7.jpg HTTP/1.1" 304 0 "http://39.104.200.184:8080/" "Mozilla/5.0 (Windows NT 10.0; Win64; x64; rv:74.0) Gecko/20100101 Firefox/74.0"
116.236.75.197 - - [24/Mar/2020:21:24:31 +0800] "GET /static/assets/img/portfolio/portfolio-8.jpg HTTP/1.1" 304 0 "http://39.104.200.184:8080/" "Mozilla/5.0 (Windows NT 10.0; Win64; x64; rv:74.0) Gecko/20100101 Firefox/74.0"
116.236.75.197 - - [24/Mar/2020:21:24:31 +0800] "GET /static/assets/img/portfolio/portfolio-9.jpg HTTP/1.1" 304 0 "http://39.104.200.184:8080/" "Mozilla/5.0 (Windows NT 10.0; Win64; x64; rv:74.0) Gecko/20100101 Firefox/74.0"
116.236.75.197 - - [24/Mar/2020:21:24:31 +0800] "GET /static/assets/img/team/team-2.jpg HTTP/1.1" 304 0 "http://39.104.200.184:8080/" "Mozilla/5.0 (Windows NT 10.0; Win64; x64; rv:74.0) Gecko/20100101 Firefox/74.0"
116.236.75.197 - - [24/Mar/2020:21:24:31 +0800] "GET /static/assets/img/team/team-1.jpg HTTP/1.1" 304 0 "http://39.104.200.184:8080/" "Mozilla/5.0 (Windows NT 10.0; Win64; x64; rv:74.0) Gecko/20100101 Firefox/74.0"
116.236.75.197 - - [24/Mar/2020:21:24:31 +0800] "GET /static/assets/img/team/team-3.jpg HTTP/1.1" 304 0 "http://39.104.200.184:8080/" "Mozilla/5.0 (Windows NT 10.0; Win64; x64; rv:74.0) Gecko/20100101 Firefox/74.0"
116.236.75.197 - - [24/Mar/2020:21:24:31 +0800] "GET /static/assets/img/team/team-4.jpg HTTP/1.1" 304 0 "http://39.104.200.184:8080/" "Mozilla/5.0 (Windows NT 10.0; Win64; x64; rv:74.0) Gecko/20100101 Firefox/74.0"
116.236.75.197 - - [24/Mar/2020:21:24:31 +0800] "GET /static/assets/img/slide/slide-1.jpg HTTP/1.1" 304 0 "http://39.104.200.184:8080/" "Mozilla/5.0 (Windows NT 10.0; Win64; x64; rv:74.0) Gecko/20100101 Firefox/74.0"
183.193.117.70 - - [24/Mar/2020:21:24:34 +0800] "GET /?nsukey=8Ab%2BM%2BVWTtsdfhtqslm3AyNUXtzaZl5heh3uiUvRGKs5001YZG84MuhyApB3vUDIPQttnNkcc61VP4otSqk083zEvo%2BmzdJVXGqXLRPGkkoaP%2F49b8H7aE2wi5z3WwcEDaUxwuvDNNxjQIDDhvtA%2F%2BR6tfy4PRGuIMyg3KaNhIBsB9rzR%2FV9ERnHluLSVCxZoV21D4qdGZDPpPMgLQ4sXw%3D%3D HTTP/1.1" 200 47202 "http://39.104.200.184:8080/?nsukey=8Ab%2BM%2BVWTtsdfhtqslm3AyNUXtzaZl5heh3uiUvRGKs5001YZG84MuhyApB3vUDIPQttnNkcc61VP4otSqk083zEvo%2BmzdJVXGqXLRPGkkoaP%2F49b8H7aE2wi5z3WwcEDaUxwuvDNNxjQIDDhvtA%2F%2BR6tfy4PRGuIMyg3KaNhIBsB9rzR%2FV9ERnHluLSVCxZoV21D4qdGZDPpPMgLQ4sXw%3D%3D" "Mozilla/5.0 (Macintosh; Intel Mac OS X 10_14_0) AppleWebKit/537.36 (KHTML, like Gecko) Chrome/80.0.3987.149 Safari/537.36"
116.236.75.197 - - [24/Mar/2020:21:24:51 +0800] "GET /static/assets/img/slide/slide-2.jpg HTTP/1.1" 304 0 "http://39.104.200.184:8080/" "Mozilla/5.0 (Windows NT 10.0; Win64; x64; rv:74.0) Gecko/20100101 Firefox/74.0"
116.236.75.197 - - [24/Mar/2020:21:24:55 +0800] "POST /api/upload HTTP/1.1" 200 13 "http://39.104.200.184:8080/" "Mozilla/5.0 (Windows NT 10.0; Win64; x64; rv:74.0) Gecko/20100101 Firefox/74.0"
116.236.75.197 - - [24/Mar/2020:21:24:55 +0800] "GET /static/assets/img/slide/slide-3.jpg HTTP/1.1" 304 0 "http://39.104.200.184:8080/" "Mozilla/5.0 (Windows NT 10.0; Win64; x64; rv:74.0) Gecko/20100101 Firefox/74.0"
101.89.29.78 - - [24/Mar/2020:21:24:55 +0800] "GET /static/assets/vendor/bootstrap/js/bootstrap.bundle.min.js HTTP/1.1" 200 0 "http://39.104.200.184:8080/" "Mozilla/5.0 (Linux; Android 4.4.4; HUAWEI ALE-CL00 Build/HuaweiALE-CL00; wv) AppleWebKit/537.36 (KHTML, like Gecko) Version/4.0 Chrome/53.0.2785.49 Mobile MQQBrowser/6.2 TBS/043024 Safari/537.36 MicroMessenger/6.5.4.1000 NetType/4G Language/zh_CN"
116.236.75.197 - - [24/Mar/2020:21:24:58 +0800] "GET / HTTP/1.1" 200 47202 "-" "Mozilla/5.0 (Windows NT 10.0; Win64; x64; rv:74.0) Gecko/20100101 Firefox/74.0"
116.236.75.197 - - [24/Mar/2020:21:24:58 +0800] "GET /static/assets/vendor/bootstrap/css/bootstrap.min.css HTTP/1.1" 200 0 "http://39.104.200.184:8080/" "Mozilla/5.0 (Windows NT 10.0; Win64; x64; rv:74.0) Gecko/20100101 Firefox/74.0"
116.236.75.197 - - [24/Mar/2020:21:24:58 +0800] "GET /static/assets/vendor/boxicons/css/boxicons.min.css HTTP/1.1" 304 0 "http://39.104.200.184:8080/" "Mozilla/5.0 (Windows NT 10.0; Win64; x64; rv:74.0) Gecko/20100101 Firefox/74.0"
116.236.75.197 - - [24/Mar/2020:21:24:58 +0800] "GET /static/assets/vendor/icofont/icofont.min.css HTTP/1.1" 304 0 "http://39.104.200.184:8080/" "Mozilla/5.0 (Windows NT 10.0; Win64; x64; rv:74.0) Gecko/20100101 Firefox/74.0"
116.236.75.197 - - [24/Mar/2020:21:24:58 +0800] "GET /static/assets/vendor/animate.css/animate.min.css HTTP/1.1" 304 0 "http://39.104.200.184:8080/" "Mozilla/5.0 (Windows NT 10.0; Win64; x64; rv:74.0) Gecko/20100101 Firefox/74.0"
116.236.75.197 - - [24/Mar/2020:21:24:58 +0800] "GET /static/assets/vendor/venobox/venobox.css HTTP/1.1" 304 0 "http://39.104.200.184:8080/" "Mozilla/5.0 (Windows NT 10.0; Win64; x64; rv:74.0) Gecko/20100101 Firefox/74.0"
116.236.75.197 - - [24/Mar/2020:21:24:58 +0800] "GET /static/assets/vendor/aos/aos.css HTTP/1.1" 304 0 "http://39.104.200.184:8080/" "Mozilla/5.0 (Windows NT 10.0; Win64; x64; rv:74.0) Gecko/20100101 Firefox/74.0"
116.236.75.197 - - [24/Mar/2020:21:24:58 +0800] "GET /static/assets/css/mystyle.css HTTP/1.1" 304 0 "http://39.104.200.184:8080/" "Mozilla/5.0 (Windows NT 10.0; Win64; x64; rv:74.0) Gecko/20100101 Firefox/74.0"
116.236.75.197 - - [24/Mar/2020:21:24:58 +0800] "GET /static/assets/css/style.css HTTP/1.1" 304 0 "http://39.104.200.184:8080/" "Mozilla/5.0 (Windows NT 10.0; Win64; x64; rv:74.0) Gecko/20100101 Firefox/74.0"
116.236.75.197 - - [24/Mar/2020:21:24:58 +0800] "GET /static/assets/vendor/jquery/jquery.min.js HTTP/1.1" 304 0 "http://39.104.200.184:8080/" "Mozilla/5.0 (Windows NT 10.0; Win64; x64; rv:74.0) Gecko/20100101 Firefox/74.0"
116.236.75.197 - - [24/Mar/2020:21:24:59 +0800] "GET /static/assets/vendor/jquery.easing/jquery.easing.min.js HTTP/1.1" 304 0 "http://39.104.200.184:8080/" "Mozilla/5.0 (Windows NT 10.0; Win64; x64; rv:74.0) Gecko/20100101 Firefox/74.0"
116.236.75.197 - - [24/Mar/2020:21:24:59 +0800] "GET /static/assets/vendor/bootstrap/js/bootstrap.bundle.min.js HTTP/1.1" 304 0 "http://39.104.200.184:8080/" "Mozilla/5.0 (Windows NT 10.0; Win64; x64; rv:74.0) Gecko/20100101 Firefox/74.0"
116.236.75.197 - - [24/Mar/2020:21:24:59 +0800] "GET /static/assets/vendor/php-email-form/validate.js HTTP/1.1" 304 0 "http://39.104.200.184:8080/" "Mozilla/5.0 (Windows NT 10.0; Win64; x64; rv:74.0) Gecko/20100101 Firefox/74.0"
116.236.75.197 - - [24/Mar/2020:21:24:59 +0800] "GET /static/assets/vendor/venobox/venobox.min.js HTTP/1.1" 304 0 "http://39.104.200.184:8080/" "Mozilla/5.0 (Windows NT 10.0; Win64; x64; rv:74.0) Gecko/20100101 Firefox/74.0"
116.236.75.197 - - [24/Mar/2020:21:24:59 +0800] "GET /static/assets/vendor/jquery-sticky/jquery.sticky.js HTTP/1.1" 304 0 "http://39.104.200.184:8080/" "Mozilla/5.0 (Windows NT 10.0; Win64; x64; rv:74.0) Gecko/20100101 Firefox/74.0"
116.236.75.197 - - [24/Mar/2020:21:24:59 +0800] "GET /static/assets/vendor/waypoints/jquery.waypoints.min.js HTTP/1.1" 304 0 "http://39.104.200.184:8080/" "Mozilla/5.0 (Windows NT 10.0; Win64; x64; rv:74.0) Gecko/20100101 Firefox/74.0"
116.236.75.197 - - [24/Mar/2020:21:24:59 +0800] "GET /static/assets/vendor/counterup/counterup.min.js HTTP/1.1" 304 0 "http://39.104.200.184:8080/" "Mozilla/5.0 (Windows NT 10.0; Win64; x64; rv:74.0) Gecko/20100101 Firefox/74.0"
116.236.75.197 - - [24/Mar/2020:21:24:59 +0800] "GET /static/assets/vendor/isotope-layout/isotope.pkgd.min.js HTTP/1.1" 304 0 "http://39.104.200.184:8080/" "Mozilla/5.0 (Windows NT 10.0; Win64; x64; rv:74.0) Gecko/20100101 Firefox/74.0"
116.236.75.197 - - [24/Mar/2020:21:24:59 +0800] "GET /static/assets/vendor/aos/aos.js HTTP/1.1" 304 0 "http://39.104.200.184:8080/" "Mozilla/5.0 (Windows NT 10.0; Win64; x64; rv:74.0) Gecko/20100101 Firefox/74.0"
116.236.75.197 - - [24/Mar/2020:21:24:59 +0800] "GET /static/assets/js/myjs.js HTTP/1.1" 304 0 "http://39.104.200.184:8080/" "Mozilla/5.0 (Windows NT 10.0; Win64; x64; rv:74.0) Gecko/20100101 Firefox/74.0"
116.236.75.197 - - [24/Mar/2020:21:24:59 +0800] "GET /static/assets/js/main.js HTTP/1.1" 304 0 "http://39.104.200.184:8080/" "Mozilla/5.0 (Windows NT 10.0; Win64; x64; rv:74.0) Gecko/20100101 Firefox/74.0"
116.236.75.197 - - [24/Mar/2020:21:24:59 +0800] "GET /static/assets/img/about.jpg HTTP/1.1" 304 0 "http://39.104.200.184:8080/" "Mozilla/5.0 (Windows NT 10.0; Win64; x64; rv:74.0) Gecko/20100101 Firefox/74.0"
116.236.75.197 - - [24/Mar/2020:21:24:59 +0800] "GET /static/assets/img/portfolio/portfolio-1.jpg HTTP/1.1" 304 0 "http://39.104.200.184:8080/" "Mozilla/5.0 (Windows NT 10.0; Win64; x64; rv:74.0) Gecko/20100101 Firefox/74.0"
116.236.75.197 - - [24/Mar/2020:21:24:59 +0800] "GET /static/assets/img/portfolio/portfolio-2.jpg HTTP/1.1" 304 0 "http://39.104.200.184:8080/" "Mozilla/5.0 (Windows NT 10.0; Win64; x64; rv:74.0) Gecko/20100101 Firefox/74.0"
116.236.75.197 - - [24/Mar/2020:21:24:59 +0800] "GET /static/assets/img/portfolio/portfolio-3.jpg HTTP/1.1" 304 0 "http://39.104.200.184:8080/" "Mozilla/5.0 (Windows NT 10.0; Win64; x64; rv:74.0) Gecko/20100101 Firefox/74.0"
116.236.75.197 - - [24/Mar/2020:21:24:59 +0800] "GET /static/assets/img/portfolio/portfolio-4.jpg HTTP/1.1" 304 0 "http://39.104.200.184:8080/" "Mozilla/5.0 (Windows NT 10.0; Win64; x64; rv:74.0) Gecko/20100101 Firefox/74.0"
116.236.75.197 - - [24/Mar/2020:21:24:59 +0800] "GET /static/assets/img/portfolio/portfolio-5.jpg HTTP/1.1" 304 0 "http://39.104.200.184:8080/" "Mozilla/5.0 (Windows NT 10.0; Win64; x64; rv:74.0) Gecko/20100101 Firefox/74.0"
116.236.75.197 - - [24/Mar/2020:21:24:59 +0800] "GET /static/assets/img/portfolio/portfolio-6.jpg HTTP/1.1" 304 0 "http://39.104.200.184:8080/" "Mozilla/5.0 (Windows NT 10.0; Win64; x64; rv:74.0) Gecko/20100101 Firefox/74.0"
116.236.75.197 - - [24/Mar/2020:21:24:59 +0800] "GET /static/assets/img/portfolio/portfolio-7.jpg HTTP/1.1" 304 0 "http://39.104.200.184:8080/" "Mozilla/5.0 (Windows NT 10.0; Win64; x64; rv:74.0) Gecko/20100101 Firefox/74.0"
116.236.75.197 - - [24/Mar/2020:21:24:59 +0800] "GET /static/assets/img/portfolio/portfolio-9.jpg HTTP/1.1" 304 0 "http://39.104.200.184:8080/" "Mozilla/5.0 (Windows NT 10.0; Win64; x64; rv:74.0) Gecko/20100101 Firefox/74.0"
116.236.75.197 - - [24/Mar/2020:21:24:59 +0800] "GET /static/assets/img/portfolio/portfolio-8.jpg HTTP/1.1" 304 0 "http://39.104.200.184:8080/" "Mozilla/5.0 (Windows NT 10.0; Win64; x64; rv:74.0) Gecko/20100101 Firefox/74.0"
116.236.75.197 - - [24/Mar/2020:21:24:59 +0800] "GET /static/assets/img/team/team-1.jpg HTTP/1.1" 304 0 "http://39.104.200.184:8080/" "Mozilla/5.0 (Windows NT 10.0; Win64; x64; rv:74.0) Gecko/20100101 Firefox/74.0"
116.236.75.197 - - [24/Mar/2020:21:24:59 +0800] "GET /static/assets/img/team/team-2.jpg HTTP/1.1" 304 0 "http://39.104.200.184:8080/" "Mozilla/5.0 (Windows NT 10.0; Win64; x64; rv:74.0) Gecko/20100101 Firefox/74.0"
116.236.75.197 - - [24/Mar/2020:21:24:59 +0800] "GET /static/assets/img/team/team-3.jpg HTTP/1.1" 304 0 "http://39.104.200.184:8080/" "Mozilla/5.0 (Windows NT 10.0; Win64; x64; rv:74.0) Gecko/20100101 Firefox/74.0"
116.236.75.197 - - [24/Mar/2020:21:24:59 +0800] "GET /static/assets/img/team/team-4.jpg HTTP/1.1" 304 0 "http://39.104.200.184:8080/" "Mozilla/5.0 (Windows NT 10.0; Win64; x64; rv:74.0) Gecko/20100101 Firefox/74.0"
116.236.75.197 - - [24/Mar/2020:21:24:59 +0800] "GET /static/assets/img/slide/slide-1.jpg HTTP/1.1" 304 0 "http://39.104.200.184:8080/" "Mozilla/5.0 (Windows NT 10.0; Win64; x64; rv:74.0) Gecko/20100101 Firefox/74.0"
116.236.75.197 - - [24/Mar/2020:21:25:04 +0800] "GET /static/assets/img/slide/slide-2.jpg HTTP/1.1" 304 0 "http://39.104.200.184:8080/" "Mozilla/5.0 (Windows NT 10.0; Win64; x64; rv:74.0) Gecko/20100101 Firefox/74.0"
116.236.75.197 - - [24/Mar/2020:21:25:59 +0800] "POST /api/upload HTTP/1.1" 200 24 "http://39.104.200.184:8080/" "Mozilla/5.0 (Windows NT 10.0; Win64; x64; rv:74.0) Gecko/20100101 Firefox/74.0"
116.236.75.197 - - [24/Mar/2020:21:25:59 +0800] "GET /static/assets/img/slide/slide-3.jpg HTTP/1.1" 304 0 "http://39.104.200.184:8080/" "Mozilla/5.0 (Windows NT 10.0; Win64; x64; rv:74.0) Gecko/20100101 Firefox/74.0"
183.193.117.70 - - [24/Mar/2020:21:25:59 +0800] "GET /?nsukey=8Ab%2BM%2BVWTtsdfhtqslm3AyNUXtzaZl5heh3uiUvRGKs5001YZG84MuhyApB3vUDIPQttnNkcc61VP4otSqk083zEvo%2BmzdJVXGqXLRPGkkoaP%2F49b8H7aE2wi5z3WwcEDaUxwuvDNNxjQIDDhvtA%2F%2BR6tfy4PRGuIMyg3KaNhIBsB9rzR%2FV9ERnHluLSVCxZoV21D4qdGZDPpPMgLQ4sXw%3D%3D HTTP/1.1" 200 47202 "http://39.104.200.184:8080/?nsukey=8Ab%2BM%2BVWTtsdfhtqslm3AyNUXtzaZl5heh3uiUvRGKs5001YZG84MuhyApB3vUDIPQttnNkcc61VP4otSqk083zEvo%2BmzdJVXGqXLRPGkkoaP%2F49b8H7aE2wi5z3WwcEDaUxwuvDNNxjQIDDhvtA%2F%2BR6tfy4PRGuIMyg3KaNhIBsB9rzR%2FV9ERnHluLSVCxZoV21D4qdGZDPpPMgLQ4sXw%3D%3D" "Mozilla/5.0 (Macintosh; Intel Mac OS X 10_14_0) AppleWebKit/537.36 (KHTML, like Gecko) Chrome/80.0.3987.149 Safari/537.36"
101.89.29.78 - - [24/Mar/2020:21:25:59 +0800] "GET /static/assets/vendor/jquery.easing/jquery.easing.min.js HTTP/1.1" 200 0 "http://39.104.200.184:8080/" "Mozilla/5.0 (Linux; Android 4.4.4; Coolpad Y82-520 Build/KTU84P) AppleWebKit/537.36 (KHTML, like Gecko) Version/4.0 Chrome/33.0.0.0 Mobile Safari/537.36 MicroMessenger/6.5.4.1000 NetType/4G Language/zh_CN"
183.193.117.70 - - [24/Mar/2020:21:25:59 +0800] "GET /static/assets/img/favicon.png HTTP/1.1" 200 0 "http://39.104.200.184:8080/?nsukey=8Ab%2BM%2BVWTtsdfhtqslm3AyNUXtzaZl5heh3uiUvRGKs5001YZG84MuhyApB3vUDIPQttnNkcc61VP4otSqk083zEvo%2BmzdJVXGqXLRPGkkoaP%2F49b8H7aE2wi5z3WwcEDaUxwuvDNNxjQIDDhvtA%2F%2BR6tfy4PRGuIMyg3KaNhIBsB9rzR%2FV9ERnHluLSVCxZoV21D4qdGZDPpPMgLQ4sXw%3D%3D" "Mozilla/5.0 (Macintosh; Intel Mac OS X 10_14_0) AppleWebKit/537.36 (KHTML, like Gecko) Chrome/80.0.3987.149 Safari/537.36"
183.193.117.70 - - [24/Mar/2020:21:26:12 +0800] "POST /api/upload HTTP/1.1" 500 290 "http://39.104.200.184:8080/?nsukey=8Ab%2BM%2BVWTtsdfhtqslm3AyNUXtzaZl5heh3uiUvRGKs5001YZG84MuhyApB3vUDIPQttnNkcc61VP4otSqk083zEvo%2BmzdJVXGqXLRPGkkoaP%2F49b8H7aE2wi5z3WwcEDaUxwuvDNNxjQIDDhvtA%2F%2BR6tfy4PRGuIMyg3KaNhIBsB9rzR%2FV9ERnHluLSVCxZoV21D4qdGZDPpPMgLQ4sXw%3D%3D" "Mozilla/5.0 (Macintosh; Intel Mac OS X 10_14_0) AppleWebKit/537.36 (KHTML, like Gecko) Chrome/80.0.3987.149 Safari/537.36"
101.89.29.78 - - [24/Mar/2020:21:26:14 +0800] "GET /static/assets/vendor/php-email-form/validate.js HTTP/1.1" 200 0 "http://39.104.200.184:8080/" "Mozilla/5.0 (iPhone; CPU iPhone OS 10_2_1 like Mac OS X) AppleWebKit/602.4.6 (KHTML, like Gecko) Mobile/14D27 MicroMessenger/6.5.5 NetType/WIFI Language/en"
183.193.117.70 - - [24/Mar/2020:21:26:16 +0800] "GET /?nsukey=8Ab%2BM%2BVWTtsdfhtqslm3AyNUXtzaZl5heh3uiUvRGKs5001YZG84MuhyApB3vUDIPQttnNkcc61VP4otSqk083zEvo%2BmzdJVXGqXLRPGkkoaP%2F49b8H7aE2wi5z3WwcEDaUxwuvDNNxjQIDDhvtA%2F%2BR6tfy4PRGuIMyg3KaNhIBsB9rzR%2FV9ERnHluLSVCxZoV21D4qdGZDPpPMgLQ4sXw%3D%3D HTTP/1.1" 200 47202 "http://39.104.200.184:8080/?nsukey=8Ab%2BM%2BVWTtsdfhtqslm3AyNUXtzaZl5heh3uiUvRGKs5001YZG84MuhyApB3vUDIPQttnNkcc61VP4otSqk083zEvo%2BmzdJVXGqXLRPGkkoaP%2F49b8H7aE2wi5z3WwcEDaUxwuvDNNxjQIDDhvtA%2F%2BR6tfy4PRGuIMyg3KaNhIBsB9rzR%2FV9ERnHluLSVCxZoV21D4qdGZDPpPMgLQ4sXw%3D%3D" "Mozilla/5.0 (Macintosh; Intel Mac OS X 10_14_0) AppleWebKit/537.36 (KHTML, like Gecko) Chrome/80.0.3987.149 Safari/537.36"
116.236.75.197 - - [24/Mar/2020:21:26:41 +0800] "GET / HTTP/1.1" 200 47202 "-" "Mozilla/5.0 (Windows NT 10.0; Win64; x64; rv:74.0) Gecko/20100101 Firefox/74.0"
101.89.29.78 - - [24/Mar/2020:21:26:41 +0800] "GET /static/assets/vendor/jquery-sticky/jquery.sticky.js HTTP/1.1" 200 0 "http://39.104.200.184:8080/" "Mozilla/5.0 (iPhone; CPU iPhone OS 10_2_1 like Mac OS X) AppleWebKit/602.4.6 (KHTML, like Gecko) Mobile/14D27 MicroMessenger/6.5.5 NetType/WIFI Language/zh_CN"
116.236.75.197 - - [24/Mar/2020:21:26:41 +0800] "GET /static/assets/vendor/bootstrap/css/bootstrap.min.css HTTP/1.1" 200 0 "http://39.104.200.184:8080/" "Mozilla/5.0 (Windows NT 10.0; Win64; x64; rv:74.0) Gecko/20100101 Firefox/74.0"
116.236.75.197 - - [24/Mar/2020:21:26:41 +0800] "GET /static/assets/vendor/icofont/icofont.min.css HTTP/1.1" 200 0 "http://39.104.200.184:8080/" "Mozilla/5.0 (Windows NT 10.0; Win64; x64; rv:74.0) Gecko/20100101 Firefox/74.0"
116.236.75.197 - - [24/Mar/2020:21:26:41 +0800] "GET /static/assets/vendor/jquery/jquery.min.js HTTP/1.1" 304 0 "http://39.104.200.184:8080/" "Mozilla/5.0 (Windows NT 10.0; Win64; x64; rv:74.0) Gecko/20100101 Firefox/74.0"
116.236.75.197 - - [24/Mar/2020:21:26:41 +0800] "GET /static/assets/vendor/bootstrap/js/bootstrap.bundle.min.js HTTP/1.1" 304 0 "http://39.104.200.184:8080/" "Mozilla/5.0 (Windows NT 10.0; Win64; x64; rv:74.0) Gecko/20100101 Firefox/74.0"
116.236.75.197 - - [24/Mar/2020:21:26:41 +0800] "GET /static/assets/vendor/boxicons/css/boxicons.min.css HTTP/1.1" 200 0 "http://39.104.200.184:8080/" "Mozilla/5.0 (Windows NT 10.0; Win64; x64; rv:74.0) Gecko/20100101 Firefox/74.0"
116.236.75.197 - - [24/Mar/2020:21:26:41 +0800] "GET /static/assets/vendor/animate.css/animate.min.css HTTP/1.1" 304 0 "http://39.104.200.184:8080/" "Mozilla/5.0 (Windows NT 10.0; Win64; x64; rv:74.0) Gecko/20100101 Firefox/74.0"
116.236.75.197 - - [24/Mar/2020:21:26:41 +0800] "GET /static/assets/vendor/venobox/venobox.css HTTP/1.1" 304 0 "http://39.104.200.184:8080/" "Mozilla/5.0 (Windows NT 10.0; Win64; x64; rv:74.0) Gecko/20100101 Firefox/74.0"
116.236.75.197 - - [24/Mar/2020:21:26:41 +0800] "GET /static/assets/vendor/aos/aos.css HTTP/1.1" 304 0 "http://39.104.200.184:8080/" "Mozilla/5.0 (Windows NT 10.0; Win64; x64; rv:74.0) Gecko/20100101 Firefox/74.0"
116.236.75.197 - - [24/Mar/2020:21:26:41 +0800] "GET /static/assets/css/style.css HTTP/1.1" 304 0 "http://39.104.200.184:8080/" "Mozilla/5.0 (Windows NT 10.0; Win64; x64; rv:74.0) Gecko/20100101 Firefox/74.0"
116.236.75.197 - - [24/Mar/2020:21:26:41 +0800] "GET /static/assets/vendor/jquery.easing/jquery.easing.min.js HTTP/1.1" 304 0 "http://39.104.200.184:8080/" "Mozilla/5.0 (Windows NT 10.0; Win64; x64; rv:74.0) Gecko/20100101 Firefox/74.0"
116.236.75.197 - - [24/Mar/2020:21:26:41 +0800] "GET /static/assets/css/mystyle.css HTTP/1.1" 304 0 "http://39.104.200.184:8080/" "Mozilla/5.0 (Windows NT 10.0; Win64; x64; rv:74.0) Gecko/20100101 Firefox/74.0"
116.236.75.197 - - [24/Mar/2020:21:26:41 +0800] "GET /static/assets/vendor/jquery-sticky/jquery.sticky.js HTTP/1.1" 304 0 "http://39.104.200.184:8080/" "Mozilla/5.0 (Windows NT 10.0; Win64; x64; rv:74.0) Gecko/20100101 Firefox/74.0"
116.236.75.197 - - [24/Mar/2020:21:26:41 +0800] "GET /static/assets/vendor/php-email-form/validate.js HTTP/1.1" 304 0 "http://39.104.200.184:8080/" "Mozilla/5.0 (Windows NT 10.0; Win64; x64; rv:74.0) Gecko/20100101 Firefox/74.0"
116.236.75.197 - - [24/Mar/2020:21:26:41 +0800] "GET /static/assets/vendor/waypoints/jquery.waypoints.min.js HTTP/1.1" 304 0 "http://39.104.200.184:8080/" "Mozilla/5.0 (Windows NT 10.0; Win64; x64; rv:74.0) Gecko/20100101 Firefox/74.0"
116.236.75.197 - - [24/Mar/2020:21:26:41 +0800] "GET /static/assets/vendor/venobox/venobox.min.js HTTP/1.1" 304 0 "http://39.104.200.184:8080/" "Mozilla/5.0 (Windows NT 10.0; Win64; x64; rv:74.0) Gecko/20100101 Firefox/74.0"
116.236.75.197 - - [24/Mar/2020:21:26:41 +0800] "GET /static/assets/vendor/counterup/counterup.min.js HTTP/1.1" 304 0 "http://39.104.200.184:8080/" "Mozilla/5.0 (Windows NT 10.0; Win64; x64; rv:74.0) Gecko/20100101 Firefox/74.0"
116.236.75.197 - - [24/Mar/2020:21:26:41 +0800] "GET /static/assets/vendor/isotope-layout/isotope.pkgd.min.js HTTP/1.1" 304 0 "http://39.104.200.184:8080/" "Mozilla/5.0 (Windows NT 10.0; Win64; x64; rv:74.0) Gecko/20100101 Firefox/74.0"
116.236.75.197 - - [24/Mar/2020:21:26:42 +0800] "GET /static/assets/vendor/aos/aos.js HTTP/1.1" 304 0 "http://39.104.200.184:8080/" "Mozilla/5.0 (Windows NT 10.0; Win64; x64; rv:74.0) Gecko/20100101 Firefox/74.0"
116.236.75.197 - - [24/Mar/2020:21:26:42 +0800] "GET /static/assets/js/myjs.js HTTP/1.1" 304 0 "http://39.104.200.184:8080/" "Mozilla/5.0 (Windows NT 10.0; Win64; x64; rv:74.0) Gecko/20100101 Firefox/74.0"
116.236.75.197 - - [24/Mar/2020:21:26:42 +0800] "GET /static/assets/js/main.js HTTP/1.1" 304 0 "http://39.104.200.184:8080/" "Mozilla/5.0 (Windows NT 10.0; Win64; x64; rv:74.0) Gecko/20100101 Firefox/74.0"
116.236.75.197 - - [24/Mar/2020:21:26:42 +0800] "GET /static/assets/img/about.jpg HTTP/1.1" 304 0 "http://39.104.200.184:8080/" "Mozilla/5.0 (Windows NT 10.0; Win64; x64; rv:74.0) Gecko/20100101 Firefox/74.0"
116.236.75.197 - - [24/Mar/2020:21:26:42 +0800] "GET /static/assets/img/portfolio/portfolio-1.jpg HTTP/1.1" 304 0 "http://39.104.200.184:8080/" "Mozilla/5.0 (Windows NT 10.0; Win64; x64; rv:74.0) Gecko/20100101 Firefox/74.0"
116.236.75.197 - - [24/Mar/2020:21:26:42 +0800] "GET /static/assets/img/portfolio/portfolio-2.jpg HTTP/1.1" 304 0 "http://39.104.200.184:8080/" "Mozilla/5.0 (Windows NT 10.0; Win64; x64; rv:74.0) Gecko/20100101 Firefox/74.0"
116.236.75.197 - - [24/Mar/2020:21:26:42 +0800] "GET /static/assets/img/portfolio/portfolio-4.jpg HTTP/1.1" 304 0 "http://39.104.200.184:8080/" "Mozilla/5.0 (Windows NT 10.0; Win64; x64; rv:74.0) Gecko/20100101 Firefox/74.0"
116.236.75.197 - - [24/Mar/2020:21:26:42 +0800] "GET /static/assets/img/portfolio/portfolio-3.jpg HTTP/1.1" 304 0 "http://39.104.200.184:8080/" "Mozilla/5.0 (Windows NT 10.0; Win64; x64; rv:74.0) Gecko/20100101 Firefox/74.0"
116.236.75.197 - - [24/Mar/2020:21:26:42 +0800] "GET /static/assets/img/portfolio/portfolio-6.jpg HTTP/1.1" 304 0 "http://39.104.200.184:8080/" "Mozilla/5.0 (Windows NT 10.0; Win64; x64; rv:74.0) Gecko/20100101 Firefox/74.0"
116.236.75.197 - - [24/Mar/2020:21:26:42 +0800] "GET /static/assets/img/portfolio/portfolio-5.jpg HTTP/1.1" 304 0 "http://39.104.200.184:8080/" "Mozilla/5.0 (Windows NT 10.0; Win64; x64; rv:74.0) Gecko/20100101 Firefox/74.0"
116.236.75.197 - - [24/Mar/2020:21:26:42 +0800] "GET /static/assets/img/portfolio/portfolio-8.jpg HTTP/1.1" 304 0 "http://39.104.200.184:8080/" "Mozilla/5.0 (Windows NT 10.0; Win64; x64; rv:74.0) Gecko/20100101 Firefox/74.0"
116.236.75.197 - - [24/Mar/2020:21:26:42 +0800] "GET /static/assets/img/portfolio/portfolio-7.jpg HTTP/1.1" 304 0 "http://39.104.200.184:8080/" "Mozilla/5.0 (Windows NT 10.0; Win64; x64; rv:74.0) Gecko/20100101 Firefox/74.0"
116.236.75.197 - - [24/Mar/2020:21:26:42 +0800] "GET /static/assets/img/portfolio/portfolio-9.jpg HTTP/1.1" 304 0 "http://39.104.200.184:8080/" "Mozilla/5.0 (Windows NT 10.0; Win64; x64; rv:74.0) Gecko/20100101 Firefox/74.0"
116.236.75.197 - - [24/Mar/2020:21:26:42 +0800] "GET /static/assets/img/team/team-2.jpg HTTP/1.1" 304 0 "http://39.104.200.184:8080/" "Mozilla/5.0 (Windows NT 10.0; Win64; x64; rv:74.0) Gecko/20100101 Firefox/74.0"
116.236.75.197 - - [24/Mar/2020:21:26:42 +0800] "GET /static/assets/img/team/team-1.jpg HTTP/1.1" 304 0 "http://39.104.200.184:8080/" "Mozilla/5.0 (Windows NT 10.0; Win64; x64; rv:74.0) Gecko/20100101 Firefox/74.0"
116.236.75.197 - - [24/Mar/2020:21:26:42 +0800] "GET /static/assets/img/team/team-3.jpg HTTP/1.1" 304 0 "http://39.104.200.184:8080/" "Mozilla/5.0 (Windows NT 10.0; Win64; x64; rv:74.0) Gecko/20100101 Firefox/74.0"
116.236.75.197 - - [24/Mar/2020:21:26:42 +0800] "GET /static/assets/img/team/team-4.jpg HTTP/1.1" 304 0 "http://39.104.200.184:8080/" "Mozilla/5.0 (Windows NT 10.0; Win64; x64; rv:74.0) Gecko/20100101 Firefox/74.0"
116.236.75.197 - - [24/Mar/2020:21:26:42 +0800] "GET /static/assets/img/slide/slide-1.jpg HTTP/1.1" 304 0 "http://39.104.200.184:8080/" "Mozilla/5.0 (Windows NT 10.0; Win64; x64; rv:74.0) Gecko/20100101 Firefox/74.0"
116.236.75.197 - - [24/Mar/2020:21:26:47 +0800] "GET /static/assets/img/slide/slide-2.jpg HTTP/1.1" 304 0 "http://39.104.200.184:8080/" "Mozilla/5.0 (Windows NT 10.0; Win64; x64; rv:74.0) Gecko/20100101 Firefox/74.0"
116.236.75.197 - - [24/Mar/2020:21:26:52 +0800] "GET /static/assets/img/slide/slide-3.jpg HTTP/1.1" 304 0 "http://39.104.200.184:8080/" "Mozilla/5.0 (Windows NT 10.0; Win64; x64; rv:74.0) Gecko/20100101 Firefox/74.0"
101.89.29.78 - - [24/Mar/2020:21:26:54 +0800] "GET /static/assets/vendor/venobox/venobox.min.js HTTP/1.1" 200 0 "http://39.104.200.184:8080/" "Mozilla/5.0 (Windows NT 6.1; WOW64) AppleWebKit/537.36 (KHTML, like Gecko) Chrome/39.0.2171.95 Safari/537.36 MicroMessenger/6.5.2.501 NetType/WIFI WindowsWechat QBCore/3.43.27.400 QQBrowser/9.0.2524.400"
101.89.29.78 - - [24/Mar/2020:21:27:07 +0800] "GET /static/assets/vendor/waypoints/jquery.waypoints.min.js HTTP/1.1" 200 0 "http://39.104.200.184:8080/" "Mozilla/5.0 (iPhone; CPU iPhone OS 10_2_1 like Mac OS X) AppleWebKit/602.4.6 (KHTML, like Gecko) Mobile/14D27 MicroMessenger/6.5.5 NetType/WIFI Language/zh_CN"
183.193.117.70 - - [24/Mar/2020:21:27:36 +0800] "GET / HTTP/1.1" 200 47202 "-" "Mozilla/5.0 (Macintosh; Intel Mac OS X 10_14_0) AppleWebKit/537.36 (KHTML, like Gecko) Chrome/80.0.3987.149 Safari/537.36"
101.89.29.78 - - [24/Mar/2020:21:27:36 +0800] "GET /static/assets/vendor/counterup/counterup.min.js HTTP/1.1" 200 0 "http://39.104.200.184:8080/" "Mozilla/5.0 (iPhone; CPU iPhone OS 10_2_1 like Mac OS X) AppleWebKit/602.4.6 (KHTML, like Gecko) Mobile/14D27 MicroMessenger/6.5.5 NetType/WIFI Language/en"
183.193.117.70 - - [24/Mar/2020:21:27:40 +0800] "POST /api/upload HTTP/1.1" 500 290 "http://39.104.200.184:8080/?nsukey=8Ab%2BM%2BVWTtsdfhtqslm3AyNUXtzaZl5heh3uiUvRGKs5001YZG84MuhyApB3vUDIPQttnNkcc61VP4otSqk083zEvo%2BmzdJVXGqXLRPGkkoaP%2F49b8H7aE2wi5z3WwcEDaUxwuvDNNxjQIDDhvtA%2F%2BR6tfy4PRGuIMyg3KaNhIBsB9rzR%2FV9ERnHluLSVCxZoV21D4qdGZDPpPMgLQ4sXw%3D%3D" "Mozilla/5.0 (Macintosh; Intel Mac OS X 10_14_0) AppleWebKit/537.36 (KHTML, like Gecko) Chrome/80.0.3987.149 Safari/537.36"
183.193.117.70 - - [24/Mar/2020:21:27:55 +0800] "POST /api/upload HTTP/1.1" 500 290 "http://39.104.200.184:8080/" "Mozilla/5.0 (Macintosh; Intel Mac OS X 10_14_0) AppleWebKit/537.36 (KHTML, like Gecko) Chrome/80.0.3987.149 Safari/537.36"
101.89.29.78 - - [24/Mar/2020:21:27:59 +0800] "GET /static/assets/vendor/isotope-layout/isotope.pkgd.min.js HTTP/1.1" 200 0 "http://39.104.200.184:8080/" "Mozilla/5.0 (iPhone; CPU iPhone OS 10_2_1 like Mac OS X) AppleWebKit/602.4.6 (KHTML, like Gecko) Mobile/14D27 MicroMessenger/6.5.5 NetType/WIFI Language/zh_CN"
183.193.117.70 - - [24/Mar/2020:21:28:00 +0800] "GET / HTTP/1.1" 200 47202 "http://39.104.200.184:8080/" "Mozilla/5.0 (Macintosh; Intel Mac OS X 10_14_0) AppleWebKit/537.36 (KHTML, like Gecko) Chrome/80.0.3987.149 Safari/537.36"
101.89.29.78 - - [24/Mar/2020:21:28:27 +0800] "GET /static/assets/vendor/aos/aos.js HTTP/1.1" 200 0 "http://39.104.200.184:8080/" "Mozilla/5.0 (iPhone; CPU iPhone OS 10_2_1 like Mac OS X) AppleWebKit/602.4.6 (KHTML, like Gecko) Mobile/14D27 MicroMessenger/6.5.5 NetType/WIFI Language/zh_CN"
183.193.117.70 - - [24/Mar/2020:21:28:40 +0800] "GET / HTTP/1.1" 200 47202 "http://39.104.200.184:8080/" "Mozilla/5.0 (Macintosh; Intel Mac OS X 10_14_0) AppleWebKit/537.36 (KHTML, like Gecko) Chrome/80.0.3987.149 Safari/537.36"
183.193.117.70 - - [24/Mar/2020:21:28:41 +0800] "GET /static/assets/img/favicon.png HTTP/1.1" 200 0 "http://39.104.200.184:8080/" "Mozilla/5.0 (Macintosh; Intel Mac OS X 10_14_0) AppleWebKit/537.36 (KHTML, like Gecko) Chrome/80.0.3987.149 Safari/537.36"
183.193.117.70 - - [24/Mar/2020:21:28:41 +0800] "GET / HTTP/1.1" 200 47202 "http://39.104.200.184:8080/" "Mozilla/5.0 (Macintosh; Intel Mac OS X 10_14_0) AppleWebKit/537.36 (KHTML, like Gecko) Chrome/80.0.3987.149 Safari/537.36"
183.193.117.70 - - [24/Mar/2020:21:28:42 +0800] "GET /static/assets/img/favicon.png HTTP/1.1" 200 0 "http://39.104.200.184:8080/" "Mozilla/5.0 (Macintosh; Intel Mac OS X 10_14_0) AppleWebKit/537.36 (KHTML, like Gecko) Chrome/80.0.3987.149 Safari/537.36"
183.193.117.70 - - [24/Mar/2020:21:28:42 +0800] "GET / HTTP/1.1" 200 47202 "http://39.104.200.184:8080/" "Mozilla/5.0 (Macintosh; Intel Mac OS X 10_14_0) AppleWebKit/537.36 (KHTML, like Gecko) Chrome/80.0.3987.149 Safari/537.36"
183.193.117.70 - - [24/Mar/2020:21:28:42 +0800] "GET /static/assets/img/favicon.png HTTP/1.1" 200 0 "http://39.104.200.184:8080/" "Mozilla/5.0 (Macintosh; Intel Mac OS X 10_14_0) AppleWebKit/537.36 (KHTML, like Gecko) Chrome/80.0.3987.149 Safari/537.36"
183.193.117.70 - - [24/Mar/2020:21:28:42 +0800] "GET / HTTP/1.1" 200 47202 "http://39.104.200.184:8080/" "Mozilla/5.0 (Macintosh; Intel Mac OS X 10_14_0) AppleWebKit/537.36 (KHTML, like Gecko) Chrome/80.0.3987.149 Safari/537.36"
183.193.117.70 - - [24/Mar/2020:21:28:42 +0800] "GET /static/assets/img/favicon.png HTTP/1.1" 200 0 "http://39.104.200.184:8080/" "Mozilla/5.0 (Macintosh; Intel Mac OS X 10_14_0) AppleWebKit/537.36 (KHTML, like Gecko) Chrome/80.0.3987.149 Safari/537.36"
183.193.117.70 - - [24/Mar/2020:21:29:12 +0800] "GET / HTTP/1.1" 200 47202 "http://39.104.200.184:8080/" "Mozilla/5.0 (Macintosh; Intel Mac OS X 10_14_0) AppleWebKit/537.36 (KHTML, like Gecko) Chrome/80.0.3987.149 Safari/537.36"
101.89.29.78 - - [24/Mar/2020:21:29:12 +0800] "GET /static/assets/js/main.js HTTP/1.1" 200 0 "http://39.104.200.184:8080/" "Mozilla/5.0 (Linux; Android 6.0.1; OPPO R9s Build/MMB29M) AppleWebKit/537.36 (KHTML, like Gecko) Version/4.0 Chrome/37.0.0.0 Mobile MQQBrowser/6.9 TBS/036906 Safari/537.36 MicroMessenger/6.5.4.1000 NetType/4G Language/zh_CN"
183.193.117.70 - - [24/Mar/2020:21:29:14 +0800] "GET /static/assets/img/favicon.png HTTP/1.1" 200 0 "http://39.104.200.184:8080/" "Mozilla/5.0 (Macintosh; Intel Mac OS X 10_14_0) AppleWebKit/537.36 (KHTML, like Gecko) Chrome/80.0.3987.149 Safari/537.36"
101.89.29.78 - - [24/Mar/2020:21:29:30 +0800] "GET /static/assets/js/myjs.js HTTP/1.1" 200 0 "http://39.104.200.184:8080/" "Mozilla/5.0 (Linux; Android 4.4.4; Coolpad Y82-520 Build/KTU84P) AppleWebKit/537.36 (KHTML, like Gecko) Version/4.0 Chrome/33.0.0.0 Mobile Safari/537.36 MicroMessenger/6.5.4.1000 NetType/4G Language/zh_CN"
218.83.75.209 - - [24/Mar/2020:21:32:08 +0800] "GET / HTTP/1.1" 200 47202 "-" "Mozilla/5.0 (Windows NT 10.0; Win64; x64) AppleWebKit/537.36 (KHTML, like Gecko) Chrome/70.0.3538.102 Safari/537.36 Edge/18.18362"
183.193.117.70 - - [24/Mar/2020:21:32:08 +0800] "GET / HTTP/1.1" 200 47202 "http://39.104.200.184:8080/" "Mozilla/5.0 (Macintosh; Intel Mac OS X 10_14_0) AppleWebKit/537.36 (KHTML, like Gecko) Chrome/80.0.3987.149 Safari/537.36"
183.193.117.70 - - [24/Mar/2020:21:32:08 +0800] "GET / HTTP/1.1" 200 47202 "http://39.104.200.184:8080/" "Mozilla/5.0 (Macintosh; Intel Mac OS X 10_14_0) AppleWebKit/537.36 (KHTML, like Gecko) Chrome/80.0.3987.149 Safari/537.36"
183.193.117.70 - - [24/Mar/2020:21:32:08 +0800] "GET / HTTP/1.1" 200 47202 "http://39.104.200.184:8080/" "Mozilla/5.0 (Macintosh; Intel Mac OS X 10_14_0) AppleWebKit/537.36 (KHTML, like Gecko) Chrome/80.0.3987.149 Safari/537.36"
183.193.117.70 - - [24/Mar/2020:21:32:08 +0800] "GET / HTTP/1.1" 200 47202 "-" "Mozilla/5.0 (Macintosh; Intel Mac OS X 10_14_0) AppleWebKit/537.36 (KHTML, like Gecko) Chrome/80.0.3987.149 Safari/537.36"
218.83.75.209 - - [24/Mar/2020:21:32:09 +0800] "GET /static/assets/vendor/icofont/icofont.min.css HTTP/1.1" 200 0 "http://39.104.200.184:8080/" "Mozilla/5.0 (Windows NT 10.0; Win64; x64) AppleWebKit/537.36 (KHTML, like Gecko) Chrome/70.0.3538.102 Safari/537.36 Edge/18.18362"
